// Vitest Snapshot v1

exports[`Pruebas en el componente Pokelist > Debe de mostrar el spinner al cargar 1`] = `
<div>
  <h1
    class="title"
  >
    Pokedex
  </h1>
  <div
    class="container cardList"
    id="pokeList"
  >
    <div
      class="loading-container"
    >
      <div
        class="sk-chase"
      >
        <div
          class="sk-chase-dot"
        />
        <div
          class="sk-chase-dot"
        />
        <div
          class="sk-chase-dot"
        />
        <div
          class="sk-chase-dot"
        />
        <div
          class="sk-chase-dot"
        />
        <div
          class="sk-chase-dot"
        />
      </div>
    </div>
  </div>
  <div
    class="loading-container"
  >
    <div
      class="sk-chase"
    >
      <div
        class="sk-chase-dot"
      />
      <div
        class="sk-chase-dot"
      />
      <div
        class="sk-chase-dot"
      />
      <div
        class="sk-chase-dot"
      />
      <div
        class="sk-chase-dot"
      />
      <div
        class="sk-chase-dot"
      />
    </div>
  </div>
</div>
`;

exports[`Pruebas en el componente Pokelist > Debe hacer match con el sanpshot de pokemons y tener 21 1`] = `
<div>
  <h1
    class="title"
  >
    Pokedex
  </h1>
  <div
    class="container cardList"
    id="pokeList"
  >
    <a
      class="card"
      href="/bulbasaur"
    >
      <img
        alt="bulbasaur"
        class="card__image"
        loading="lazy"
        src="https://raw.githubusercontent.com/PokeAPI/sprites/master/sprites/pokemon/other/dream-world/1.svg"
      />
      <h2
        class="card__title"
      >
        bulbasaur
      </h2>
    </a>
    <a
      class="card"
      href="/ivysaur"
    >
      <img
        alt="ivysaur"
        class="card__image"
        loading="lazy"
        src="https://raw.githubusercontent.com/PokeAPI/sprites/master/sprites/pokemon/other/dream-world/2.svg"
      />
      <h2
        class="card__title"
      >
        ivysaur
      </h2>
    </a>
    <a
      class="card"
      href="/venusaur"
    >
      <img
        alt="venusaur"
        class="card__image"
        loading="lazy"
        src="https://raw.githubusercontent.com/PokeAPI/sprites/master/sprites/pokemon/other/dream-world/3.svg"
      />
      <h2
        class="card__title"
      >
        venusaur
      </h2>
    </a>
    <a
      class="card"
      href="/charmander"
    >
      <img
        alt="charmander"
        class="card__image"
        loading="lazy"
        src="https://raw.githubusercontent.com/PokeAPI/sprites/master/sprites/pokemon/other/dream-world/4.svg"
      />
      <h2
        class="card__title"
      >
        charmander
      </h2>
    </a>
    <a
      class="card"
      href="/charmeleon"
    >
      <img
        alt="charmeleon"
        class="card__image"
        loading="lazy"
        src="https://raw.githubusercontent.com/PokeAPI/sprites/master/sprites/pokemon/other/dream-world/5.svg"
      />
      <h2
        class="card__title"
      >
        charmeleon
      </h2>
    </a>
    <a
      class="card"
      href="/charizard"
    >
      <img
        alt="charizard"
        class="card__image"
        loading="lazy"
        src="https://raw.githubusercontent.com/PokeAPI/sprites/master/sprites/pokemon/other/dream-world/6.svg"
      />
      <h2
        class="card__title"
      >
        charizard
      </h2>
    </a>
    <a
      class="card"
      href="/squirtle"
    >
      <img
        alt="squirtle"
        class="card__image"
        loading="lazy"
        src="https://raw.githubusercontent.com/PokeAPI/sprites/master/sprites/pokemon/other/dream-world/7.svg"
      />
      <h2
        class="card__title"
      >
        squirtle
      </h2>
    </a>
    <a
      class="card"
      href="/wartortle"
    >
      <img
        alt="wartortle"
        class="card__image"
        loading="lazy"
        src="https://raw.githubusercontent.com/PokeAPI/sprites/master/sprites/pokemon/other/dream-world/8.svg"
      />
      <h2
        class="card__title"
      >
        wartortle
      </h2>
    </a>
    <a
      class="card"
      href="/blastoise"
    >
      <img
        alt="blastoise"
        class="card__image"
        loading="lazy"
        src="https://raw.githubusercontent.com/PokeAPI/sprites/master/sprites/pokemon/other/dream-world/9.svg"
      />
      <h2
        class="card__title"
      >
        blastoise
      </h2>
    </a>
    <a
      class="card"
      href="/caterpie"
    >
      <img
        alt="caterpie"
        class="card__image"
        loading="lazy"
        src="https://raw.githubusercontent.com/PokeAPI/sprites/master/sprites/pokemon/other/dream-world/10.svg"
      />
      <h2
        class="card__title"
      >
        caterpie
      </h2>
    </a>
    <a
      class="card"
      href="/metapod"
    >
      <img
        alt="metapod"
        class="card__image"
        loading="lazy"
        src="https://raw.githubusercontent.com/PokeAPI/sprites/master/sprites/pokemon/other/dream-world/11.svg"
      />
      <h2
        class="card__title"
      >
        metapod
      </h2>
    </a>
    <a
      class="card"
      href="/butterfree"
    >
      <img
        alt="butterfree"
        class="card__image"
        loading="lazy"
        src="https://raw.githubusercontent.com/PokeAPI/sprites/master/sprites/pokemon/other/dream-world/12.svg"
      />
      <h2
        class="card__title"
      >
        butterfree
      </h2>
    </a>
    <a
      class="card"
      href="/weedle"
    >
      <img
        alt="weedle"
        class="card__image"
        loading="lazy"
        src="https://raw.githubusercontent.com/PokeAPI/sprites/master/sprites/pokemon/other/dream-world/13.svg"
      />
      <h2
        class="card__title"
      >
        weedle
      </h2>
    </a>
    <a
      class="card"
      href="/kakuna"
    >
      <img
        alt="kakuna"
        class="card__image"
        loading="lazy"
        src="https://raw.githubusercontent.com/PokeAPI/sprites/master/sprites/pokemon/other/dream-world/14.svg"
      />
      <h2
        class="card__title"
      >
        kakuna
      </h2>
    </a>
    <a
      class="card"
      href="/beedrill"
    >
      <img
        alt="beedrill"
        class="card__image"
        loading="lazy"
        src="https://raw.githubusercontent.com/PokeAPI/sprites/master/sprites/pokemon/other/dream-world/15.svg"
      />
      <h2
        class="card__title"
      >
        beedrill
      </h2>
    </a>
    <a
      class="card"
      href="/pidgey"
    >
      <img
        alt="pidgey"
        class="card__image"
        loading="lazy"
        src="https://raw.githubusercontent.com/PokeAPI/sprites/master/sprites/pokemon/other/dream-world/16.svg"
      />
      <h2
        class="card__title"
      >
        pidgey
      </h2>
    </a>
    <a
      class="card"
      href="/pidgeotto"
    >
      <img
        alt="pidgeotto"
        class="card__image"
        loading="lazy"
        src="https://raw.githubusercontent.com/PokeAPI/sprites/master/sprites/pokemon/other/dream-world/17.svg"
      />
      <h2
        class="card__title"
      >
        pidgeotto
      </h2>
    </a>
    <a
      class="card"
      href="/pidgeot"
    >
      <img
        alt="pidgeot"
        class="card__image"
        loading="lazy"
        src="https://raw.githubusercontent.com/PokeAPI/sprites/master/sprites/pokemon/other/dream-world/18.svg"
      />
      <h2
        class="card__title"
      >
        pidgeot
      </h2>
    </a>
    <a
      class="card"
      href="/rattata"
    >
      <img
        alt="rattata"
        class="card__image"
        loading="lazy"
        src="https://raw.githubusercontent.com/PokeAPI/sprites/master/sprites/pokemon/other/dream-world/19.svg"
      />
      <h2
        class="card__title"
      >
        rattata
      </h2>
    </a>
    <a
      class="card"
      href="/raticate"
    >
      <img
        alt="raticate"
        class="card__image"
        loading="lazy"
        src="https://raw.githubusercontent.com/PokeAPI/sprites/master/sprites/pokemon/other/dream-world/20.svg"
      />
      <h2
        class="card__title"
      >
        raticate
      </h2>
    </a>
    <a
      class="card"
      href="/spearow"
    >
      <img
        alt="spearow"
        class="card__image"
        loading="lazy"
        src="https://raw.githubusercontent.com/PokeAPI/sprites/master/sprites/pokemon/other/dream-world/21.svg"
      />
      <h2
        class="card__title"
      >
        spearow
      </h2>
    </a>
  </div>
</div>
`;
